-------------------------------------------------------
{'name': 'systemd', 'pid': 1, 'status': 'sleeping', 'username': 'root', 'cpu_percent': 0.0, 'memory_percent': 0.1473403259602785}
-------------------------------------------------------
-------------------------------------------------------
{'name': 'init-systemd(Ub', 'pid': 2, 'status': 'sleeping', 'username': 'root', 'cpu_percent': 0.0, 'memory_percent': 0.027726953416705415}
-------------------------------------------------------
-------------------------------------------------------
{'name': 'init', 'pid': 7, 'status': 'sleeping', 'username': 'root', 'cpu_percent': 0.0, 'memory_percent': 0.026821172724326655}
-------------------------------------------------------
-------------------------------------------------------
{'name': 'systemd-journald', 'pid': 61, 'status': 'sleeping', 'username': 'root', 'cpu_percent': 0.0, 'memory_percent': 0.19579959300254224}
-------------------------------------------------------
-------------------------------------------------------
{'name': 'systemd-udevd', 'pid': 85, 'status': 'sleeping', 'username': 'root', 'cpu_percent': 0.0, 'memory_percent': 0.08101705081832253}
-------------------------------------------------------
-------------------------------------------------------
{'name': 'snapfuse', 'pid': 96, 'status': 'sleeping', 'username': 'root', 'cpu_percent': 0.0, 'memory_percent': 0.022694838459045626}
-------------------------------------------------------
-------------------------------------------------------
{'name': 'snapfuse', 'pid': 97, 'status': 'sleeping', 'username': 'root', 'cpu_percent': 0.0, 'memory_percent': 0.019826532933179552}
-------------------------------------------------------
-------------------------------------------------------
{'name': 'snapfuse', 'pid': 108, 'status': 'sleeping', 'username': 'root', 'cpu_percent': 0.0, 'memory_percent': 0.023399334553118}
-------------------------------------------------------
-------------------------------------------------------
{'name': 'snapfuse', 'pid': 112, 'status': 'sleeping', 'username': 'root', 'cpu_percent': 0.0, 'memory_percent': 0.13169044844195657}
-------------------------------------------------------
-------------------------------------------------------
{'name': 'snapfuse', 'pid': 119, 'status': 'sleeping', 'username': 'root', 'cpu_percent': 0.0, 'memory_percent': 0.01972589063402636}
-------------------------------------------------------
-------------------------------------------------------
{'name': 'snapfuse', 'pid': 121, 'status': 'sleeping', 'username': 'root', 'cpu_percent': 0.0, 'memory_percent': 0.019776211783602955}
-------------------------------------------------------
-------------------------------------------------------
{'name': 'snapfuse', 'pid': 127, 'status': 'sleeping', 'username': 'root', 'cpu_percent': 0.0, 'memory_percent': 0.02088327707428811}
-------------------------------------------------------
-------------------------------------------------------
{'name': 'snapfuse', 'pid': 138, 'status': 'sleeping', 'username': 'root', 'cpu_percent': 0.0, 'memory_percent': 0.021134882822171096}
-------------------------------------------------------
-------------------------------------------------------
{'name': 'snapfuse', 'pid': 140, 'status': 'sleeping', 'username': 'root', 'cpu_percent': 0.0, 'memory_percent': 0.01917235798868378}
-------------------------------------------------------
-------------------------------------------------------
{'name': 'snapfuse', 'pid': 145, 'status': 'sleeping', 'username': 'root', 'cpu_percent': 0.0, 'memory_percent': 0.02853209180993098}
-------------------------------------------------------
-------------------------------------------------------
{'name': 'snapfuse', 'pid': 156, 'status': 'sleeping', 'username': 'root', 'cpu_percent': 0.0, 'memory_percent': 0.019273000287836975}
-------------------------------------------------------
-------------------------------------------------------
{'name': 'snapfuse', 'pid': 161, 'status': 'sleeping', 'username': 'root', 'cpu_percent': 0.0, 'memory_percent': 0.13949022662632923}
-------------------------------------------------------
-------------------------------------------------------
{'name': 'snapfuse', 'pid': 165, 'status': 'sleeping', 'username': 'root', 'cpu_percent': 0.0, 'memory_percent': 0.01962524833487316}
-------------------------------------------------------
-------------------------------------------------------
{'name': 'snapfuse', 'pid': 168, 'status': 'sleeping', 'username': 'root', 'cpu_percent': 0.0, 'memory_percent': 0.13330072522840772}
-------------------------------------------------------
-------------------------------------------------------
{'name': 'systemd-resolved', 'pid': 218, 'status': 'sleeping', 'username': 'systemd-resolve', 'cpu_percent': 0.0, 'memory_percent': 0.17229961615027103}
-------------------------------------------------------
-------------------------------------------------------
{'name': 'systemd-timesyncd', 'pid': 219, 'status': 'sleeping', 'username': 'systemd-timesync', 'cpu_percent': 0.0, 'memory_percent': 0.09445279775527415}
-------------------------------------------------------
-------------------------------------------------------
{'name': 'cron', 'pid': 270, 'status': 'sleeping', 'username': 'root', 'cpu_percent': 0.0, 'memory_percent': 0.03527512585319509}
-------------------------------------------------------
-------------------------------------------------------
{'name': 'dbus-daemon', 'pid': 272, 'status': 'sleeping', 'username': 'messagebus', 'cpu_percent': 0.0, 'memory_percent': 0.06119051788514298}
-------------------------------------------------------
-------------------------------------------------------
{'name': 'networkd-dispat', 'pid': 277, 'status': 'sleeping', 'username': 'root', 'cpu_percent': 0.0, 'memory_percent': 0.24898904810500616}
-------------------------------------------------------
-------------------------------------------------------
{'name': 'rsyslogd', 'pid': 278, 'status': 'sleeping', 'username': 'syslog', 'cpu_percent': 0.0, 'memory_percent': 0.07533076091616699}
-------------------------------------------------------
-------------------------------------------------------
{'name': 'subiquity-serve', 'pid': 279, 'status': 'sleeping', 'username': 'root', 'cpu_percent': 0.0, 'memory_percent': 0.04498710772147848}
-------------------------------------------------------
-------------------------------------------------------
{'name': 'snapd', 'pid': 281, 'status': 'sleeping', 'username': 'root', 'cpu_percent': 0.0, 'memory_percent': 0.5038153495608977}
-------------------------------------------------------
-------------------------------------------------------
{'name': 'systemd-logind', 'pid': 282, 'status': 'sleeping', 'username': 'root', 'cpu_percent': 0.0, 'memory_percent': 0.09681789178537425}
-------------------------------------------------------
-------------------------------------------------------
{'name': 'agetty', 'pid': 314, 'status': 'sleeping', 'username': 'root', 'cpu_percent': 0.0, 'memory_percent': 0.028028880314165}
-------------------------------------------------------
-------------------------------------------------------
{'name': 'unattended-upgr', 'pid': 338, 'status': 'sleeping', 'username': 'root', 'cpu_percent': 0.0, 'memory_percent': 0.27631343232509875}
-------------------------------------------------------
-------------------------------------------------------
{'name': 'python3.10', 'pid': 439, 'status': 'sleeping', 'username': 'root', 'cpu_percent': 0.0, 'memory_percent': 1.404211678934963}
-------------------------------------------------------
-------------------------------------------------------
{'name': 'SessionLeader', 'pid': 504, 'status': 'sleeping', 'username': 'root', 'cpu_percent': 0.0, 'memory_percent': 0.013938958432717604}
-------------------------------------------------------
-------------------------------------------------------
{'name': 'Relay(506)', 'pid': 505, 'status': 'sleeping', 'username': 'root', 'cpu_percent': 0.0, 'memory_percent': 0.01570019866789853}
-------------------------------------------------------
-------------------------------------------------------
{'name': 'bash', 'pid': 506, 'status': 'sleeping', 'username': 'neha', 'cpu_percent': 0.0, 'memory_percent': 0.06687680778729854}
-------------------------------------------------------
-------------------------------------------------------
{'name': 'login', 'pid': 507, 'status': 'sleeping', 'username': 'root', 'cpu_percent': 0.0, 'memory_percent': 0.06405882341100906}
-------------------------------------------------------
-------------------------------------------------------
{'name': 'systemd', 'pid': 511, 'status': 'sleeping', 'username': 'neha', 'cpu_percent': 0.0, 'memory_percent': 0.1238403491080073}
-------------------------------------------------------
-------------------------------------------------------
{'name': '(sd-pam)', 'pid': 512, 'status': 'sleeping', 'username': 'neha', 'cpu_percent': 0.0, 'memory_percent': 0.06732969813348792}
-------------------------------------------------------
-------------------------------------------------------
{'name': 'bash', 'pid': 526, 'status': 'sleeping', 'username': 'neha', 'cpu_percent': 0.0, 'memory_percent': 0.06587038479576658}
-------------------------------------------------------
-------------------------------------------------------
{'name': 'python3', 'pid': 1409, 'status': 'running', 'username': 'neha', 'cpu_percent': 0.0, 'memory_percent': 0.16626107820107927}
-------------------------------------------------------
--------------------------------------------------
----Marvellous Platform Servillence System----
--------------------------------------------------
Invalid Number of Arguments
Unable to proceed as args are not matching
Please use --h or --u for more details
--------------------------------------------------
 Thank you for using Marvellous Platform Servillence System 
--------------------------------------------------
